// Jest Snapshot v1, https://goo.gl/fbAQLP

exports[`NewTodo matches its snapshot 1`] = `
<div
  className="new-todo"
>
  <input
    onChange={[Function]}
    value=""
  />
  <button
    className="btn btn-primary"
    onClick={[Function]}
  >
    Add
  </button>
</div>
`;
